// Jest Snapshot v1, https://goo.gl/fbAQLP

exports[`JSONSchemaViewer - Boolean type test 0 1`] = `
<details
  open={true}
>
  <summary>
    <strong>
      Schema
    </strong>
  </summary>
  <strong>
    type
  </strong>
   : 
  <span
    style={
      {
        "opacity": "0.6",
      }
    }
  >
    boolean
  </span>
  <div
    style={
      {
        "marginTop": "var(--ifm-table-cell-padding)",
      }
    }
  />
</details>
`;
