// Jest Snapshot v1, https://goo.gl/fbAQLP

exports[`JSONSchemaViewer - null type test 0 1`] = `
<details
  open={true}
>
  <summary>
    <strong>
      Schema
    </strong>
  </summary>
  <strong>
    type
  </strong>
   : 
  <strong>
    any
  </strong>
  <div
    style={
      {
        "marginTop": "var(--ifm-table-cell-padding)",
      }
    }
  >
    Always valid
  </div>
</details>
`;
