// Jest Snapshot v1, https://goo.gl/fbAQLP

exports[`JSONSchemaViewer - References cases test 0 1`] = `
<details
  className="json-schema-viewer"
  open={true}
>
  <summary>
    <strong>
      Schema
    </strong>
  </summary>
  <div>
    <div>
      <strong>
        type
      </strong>
       : 
      <span
        style={
          {
            "opacity": "0.6",
          }
        }
      >
        object
      </span>
      <ul>
        <li
          data-level={1}
          id="/properties/data"
        >
          <details
            open={false}
          >
            <summary>
              <strong>
                data
              </strong>
               
              <span
                style={
                  {
                    "opacity": "0.6",
                  }
                }
              >
                any
              </span>
            </summary>
            <div>
              <div>
                <strong>
                  type
                </strong>
                 : 
                <span
                  style={
                    {
                      "opacity": "0.6",
                    }
                  }
                >
                  any
                </span>
                <div
                  style={
                    {
                      "marginTop": "var(--ifm-table-cell-padding)",
                    }
                  }
                >
                  Always valid
                </div>
              </div>
            </div>
          </details>
        </li>
        <li
          data-level={1}
          id="/properties/children"
        >
          <details
            open={false}
          >
            <summary>
              <strong>
                children
              </strong>
               
              (
              <span
                style={
                  {
                    "opacity": "0.6",
                  }
                }
              >
                any
              </span>
              ,
              ...
              )[]
            </summary>
            <div>
              <div>
                <strong>
                  type
                </strong>
                 : 
                <span
                  style={
                    {
                      "opacity": "0.6",
                    }
                  }
                >
                  array
                </span>
                <ul>
                  <li
                    data-level={2}
                    id="/properties/children/items"
                  >
                    <details
                      open={false}
                    >
                      <summary>
                        <code>
                          items[x]
                        </code>
                         
                        <span
                          style={
                            {
                              "opacity": "0.6",
                            }
                          }
                        >
                          any
                        </span>
                      </summary>
                      <div>
                        <div>
                          <strong>
                            type
                          </strong>
                           : 
                          <span
                            style={
                              {
                                "opacity": "0.6",
                              }
                            }
                          >
                            any
                          </span>
                          <div
                            style={
                              {
                                "marginTop": "var(--ifm-table-cell-padding)",
                              }
                            }
                          >
                            Always valid
                          </div>
                          <div
                            style={
                              {
                                "marginTop": "var(--ifm-table-cell-padding)",
                              }
                            }
                          >
                            <div>
                              <strong>
                                Unsolved ref(s) :
                              </strong>
                               
                              #node #
                            </div>
                          </div>
                        </div>
                      </div>
                    </details>
                  </li>
                </ul>
                <div
                  style={
                    {
                      "marginTop": "var(--ifm-table-cell-padding)",
                    }
                  }
                />
              </div>
            </div>
          </details>
        </li>
      </ul>
      <div
        style={
          {
            "marginTop": "var(--ifm-table-cell-padding)",
          }
        }
      />
    </div>
  </div>
</details>
`;
