// Jest Snapshot v1, https://goo.gl/fbAQLP

exports[`JSONSchemaViewer - type test 2 types 1`] = `
<details
  className="json-schema-viewer"
  open={true}
>
  <summary>
    <strong>
      Schema
    </strong>
  </summary>
  <div>
    <div>
      <strong>
        type
      </strong>
       : 
      <span
        style={
          {
            "opacity": "0.6",
          }
        }
      >
        any
      </span>
      <div
        style={
          {
            "marginTop": "var(--ifm-table-cell-padding)",
          }
        }
      >
        Always valid
      </div>
      <div
        style={
          {
            "marginTop": "var(--ifm-table-cell-padding)",
          }
        }
      />
    </div>
  </div>
</details>
`;

exports[`JSONSchemaViewer - type test 4 types 1`] = `
<details
  className="json-schema-viewer"
  open={true}
>
  <summary>
    <strong>
      Schema
    </strong>
  </summary>
  <div>
    <div>
      <strong>
        type
      </strong>
       : 
      <span
        style={
          {
            "opacity": "0.6",
          }
        }
      >
        any
      </span>
      <div
        style={
          {
            "marginTop": "var(--ifm-table-cell-padding)",
          }
        }
      >
        Always valid
      </div>
      <div
        style={
          {
            "marginTop": "var(--ifm-table-cell-padding)",
          }
        }
      />
    </div>
  </div>
</details>
`;

exports[`JSONSchemaViewer - type test Unspecified multiple types 1`] = `
<details
  className="json-schema-viewer"
  open={true}
>
  <summary>
    <strong>
      Schema
    </strong>
  </summary>
  <div>
    <div>
      <strong>
        type
      </strong>
       : 
      <span
        style={
          {
            "opacity": "0.6",
          }
        }
      >
        any
      </span>
      <div
        style={
          {
            "marginTop": "var(--ifm-table-cell-padding)",
          }
        }
      >
        Always valid
      </div>
      <div
        style={
          {
            "marginTop": "var(--ifm-table-cell-padding)",
          }
        }
      />
    </div>
  </div>
</details>
`;

exports[`JSONSchemaViewer - type test Unspecified type (boolean) 1`] = `
<details
  className="json-schema-viewer"
  open={true}
>
  <summary>
    <strong>
      Schema
    </strong>
  </summary>
  <div>
    <div>
      <strong>
        type
      </strong>
       : 
      <span
        style={
          {
            "opacity": "0.6",
          }
        }
      >
        any
      </span>
      <div
        style={
          {
            "marginTop": "var(--ifm-table-cell-padding)",
          }
        }
      >
        Always valid
      </div>
      <div
        style={
          {
            "marginTop": "var(--ifm-table-cell-padding)",
          }
        }
      />
    </div>
  </div>
</details>
`;

exports[`JSONSchemaViewer - type test Unspecified type (numeric) 1`] = `
<details
  className="json-schema-viewer"
  open={true}
>
  <summary>
    <strong>
      Schema
    </strong>
  </summary>
  <div>
    <div>
      <strong>
        type
      </strong>
       : 
      <span
        style={
          {
            "opacity": "0.6",
          }
        }
      >
        any
      </span>
      <div
        style={
          {
            "marginTop": "var(--ifm-table-cell-padding)",
          }
        }
      >
        Always valid
      </div>
      <div
        style={
          {
            "marginTop": "var(--ifm-table-cell-padding)",
          }
        }
      />
    </div>
  </div>
</details>
`;

exports[`JSONSchemaViewer - type test single type 1`] = `
<details
  className="json-schema-viewer"
  open={true}
>
  <summary>
    <strong>
      Schema
    </strong>
  </summary>
  <div>
    <div>
      <strong>
        type
      </strong>
       : 
      <span
        style={
          {
            "opacity": "0.6",
          }
        }
      >
        any
      </span>
      <div
        style={
          {
            "marginTop": "var(--ifm-table-cell-padding)",
          }
        }
      >
        Always valid
      </div>
      <div
        style={
          {
            "marginTop": "var(--ifm-table-cell-padding)",
          }
        }
      />
    </div>
  </div>
</details>
`;
