// Jest Snapshot v1, https://goo.gl/fbAQLP

exports[`JSONSchemaViewer - type test Multiple types 1`] = `
<details
  open={true}
>
  <summary>
    <strong>
      Schema
    </strong>
  </summary>
</details>
`;

exports[`JSONSchemaViewer - type test Unspecified type (boolean) 1`] = `
<details
  open={true}
>
  <summary>
    <strong>
      Schema
    </strong>
  </summary>
</details>
`;

exports[`JSONSchemaViewer - type test Unspecified type (numeric) 1`] = `
<details
  open={true}
>
  <summary>
    <strong>
      Schema
    </strong>
  </summary>
</details>
`;

exports[`JSONSchemaViewer - type test single type 1`] = `
<details
  open={true}
>
  <summary>
    <strong>
      Schema
    </strong>
  </summary>
</details>
`;
